{
 "matches": [],
 "source": {
  "type": "unknown",
  "target": "unknown"
 },
 "distro": {
  "name": "centos",
  "version": "8.0",
  "idLike": [
   "rhel"
  ]
 },
 "descriptor": {
  "name": "govulners",
  "version": "[not provided]",
  "timestamp":""
 }
}
